Archive member included because of file (symbol)

c:/program files (x86)/atmel/atmel studio 6.0/extensions/atmel/avrgcc/3.4.1.95/avrtoolchain/bin/../lib/gcc/avr/4.6.2/avr6\libgcc.a(_exit.o)
                              c:/program files (x86)/atmel/atmel studio 6.0/extensions/atmel/avrgcc/3.4.1.95/avrtoolchain/bin/../lib/gcc/avr/4.6.2/../../../../avr/lib/avr6/crtm2560.o (exit)
c:/program files (x86)/atmel/atmel studio 6.0/extensions/atmel/avrgcc/3.4.1.95/avrtoolchain/bin/../lib/gcc/avr/4.6.2/avr6\libgcc.a(_copy_data.o)
                              init.o (__do_copy_data)
c:/program files (x86)/atmel/atmel studio 6.0/extensions/atmel/avrgcc/3.4.1.95/avrtoolchain/bin/../lib/gcc/avr/4.6.2/avr6\libgcc.a(_clear_bss.o)
                              init.o (__do_clear_bss)
c:/program files (x86)/atmel/atmel studio 6.0/extensions/atmel/avrgcc/3.4.1.95/avrtoolchain/bin/../lib/gcc/avr/4.6.2/../../../../avr/lib/avr6\libc.a(memcpy.o)
                              queue.o (memcpy)
c:/program files (x86)/atmel/atmel studio 6.0/extensions/atmel/avrgcc/3.4.1.95/avrtoolchain/bin/../lib/gcc/avr/4.6.2/../../../../avr/lib/avr6\libc.a(memset.o)
                              tasks.o (memset)
c:/program files (x86)/atmel/atmel studio 6.0/extensions/atmel/avrgcc/3.4.1.95/avrtoolchain/bin/../lib/gcc/avr/4.6.2/../../../../avr/lib/avr6\libc.a(strncpy.o)
                              tasks.o (strncpy)

Allocating common symbols
Common symbol       size              file

xBinarySemaphore_timer
                    0x2               lab4_main.o

Memory Configuration

Name             Origin             Length             Attributes
text             0x00000000         0x00100000         xr
data             0x00800200         0x0000fe00         rw !x
eeprom           0x00810000         0x00010000         rw !x
fuse             0x00820000         0x00000400         rw !x
lock             0x00830000         0x00000400         rw !x
signature        0x00840000         0x00000400         rw !x
*default*        0x00000000         0xffffffff

Linker script and memory map

Address of section .data set to 0x800200
LOAD c:/program files (x86)/atmel/atmel studio 6.0/extensions/atmel/avrgcc/3.4.1.95/avrtoolchain/bin/../lib/gcc/avr/4.6.2/../../../../avr/lib/avr6/crtm2560.o
LOAD init.o
LOAD croutine.o
LOAD heap_1.o
LOAD lab4_main.o
LOAD list.o
LOAD port.o
LOAD queue.o
LOAD spi_sseg.o
LOAD tasks.o
LOAD timers.o
START GROUP
LOAD c:/program files (x86)/atmel/atmel studio 6.0/extensions/atmel/avrgcc/3.4.1.95/avrtoolchain/bin/../lib/gcc/avr/4.6.2/../../../../avr/lib/avr6\libm.a
END GROUP
LOAD c:/program files (x86)/atmel/atmel studio 6.0/extensions/atmel/avrgcc/3.4.1.95/avrtoolchain/bin/../lib/gcc/avr/4.6.2/avr6\libgcc.a
LOAD c:/program files (x86)/atmel/atmel studio 6.0/extensions/atmel/avrgcc/3.4.1.95/avrtoolchain/bin/../lib/gcc/avr/4.6.2/../../../../avr/lib/avr6\libc.a
LOAD c:/program files (x86)/atmel/atmel studio 6.0/extensions/atmel/avrgcc/3.4.1.95/avrtoolchain/bin/../lib/gcc/avr/4.6.2/avr6\libgcc.a

.hash
 *(.hash)

.dynsym
 *(.dynsym)

.dynstr
 *(.dynstr)

.gnu.version
 *(.gnu.version)

.gnu.version_d
 *(.gnu.version_d)

.gnu.version_r
 *(.gnu.version_r)

.rel.init
 *(.rel.init)

.rela.init
 *(.rela.init)

.rel.text
 *(.rel.text)
 *(.rel.text.*)
 *(.rel.gnu.linkonce.t*)

.rela.text
 *(.rela.text)
 *(.rela.text.*)
 *(.rela.gnu.linkonce.t*)

.rel.fini
 *(.rel.fini)

.rela.fini
 *(.rela.fini)

.rel.rodata
 *(.rel.rodata)
 *(.rel.rodata.*)
 *(.rel.gnu.linkonce.r*)

.rela.rodata
 *(.rela.rodata)
 *(.rela.rodata.*)
 *(.rela.gnu.linkonce.r*)

.rel.data
 *(.rel.data)
 *(.rel.data.*)
 *(.rel.gnu.linkonce.d*)

.rela.data
 *(.rela.data)
 *(.rela.data.*)
 *(.rela.gnu.linkonce.d*)

.rel.ctors
 *(.rel.ctors)

.rela.ctors
 *(.rela.ctors)

.rel.dtors
 *(.rel.dtors)

.rela.dtors
 *(.rela.dtors)

.rel.got
 *(.rel.got)

.rela.got
 *(.rela.got)

.rel.bss
 *(.rel.bss)

.rela.bss
 *(.rela.bss)

.rel.plt
 *(.rel.plt)

.rela.plt
 *(.rela.plt)

.text           0x00000000     0x20c2
 *(.vectors)
 .vectors       0x00000000       0xe4 c:/program files (x86)/atmel/atmel studio 6.0/extensions/atmel/avrgcc/3.4.1.95/avrtoolchain/bin/../lib/gcc/avr/4.6.2/../../../../avr/lib/avr6/crtm2560.o
                0x00000000                __vector_default
                0x00000000                __vectors
 *(.vectors)
 *(.progmem.gcc*)
 *(.progmem*)
                0x000000e4                . = ALIGN (0x2)
                0x000000e4                __trampolines_start = .
 *(.trampolines)
 .trampolines   0x000000e4        0x0 linker stubs
 *(.trampolines*)
                0x000000e4                __trampolines_end = .
 *(.jumptables)
 *(.jumptables*)
 *(.lowtext)
 *(.lowtext*)
                0x000000e4                __ctors_start = .
 *(.ctors)
                0x000000e4                __ctors_end = .
                0x000000e4                __dtors_start = .
 *(.dtors)
                0x000000e4                __dtors_end = .
 SORT(*)(.ctors)
 SORT(*)(.dtors)
 *(.init0)
 .init0         0x000000e4        0x0 c:/program files (x86)/atmel/atmel studio 6.0/extensions/atmel/avrgcc/3.4.1.95/avrtoolchain/bin/../lib/gcc/avr/4.6.2/../../../../avr/lib/avr6/crtm2560.o
                0x000000e4                __init
 *(.init0)
 *(.init1)
 *(.init1)
 *(.init2)
 .init2         0x000000e4       0x10 c:/program files (x86)/atmel/atmel studio 6.0/extensions/atmel/avrgcc/3.4.1.95/avrtoolchain/bin/../lib/gcc/avr/4.6.2/../../../../avr/lib/avr6/crtm2560.o
 *(.init2)
 *(.init3)
 *(.init3)
 *(.init4)
 .init4         0x000000f4       0x1c c:/program files (x86)/atmel/atmel studio 6.0/extensions/atmel/avrgcc/3.4.1.95/avrtoolchain/bin/../lib/gcc/avr/4.6.2/avr6\libgcc.a(_copy_data.o)
                0x000000f4                __do_copy_data
 .init4         0x00000110       0x10 c:/program files (x86)/atmel/atmel studio 6.0/extensions/atmel/avrgcc/3.4.1.95/avrtoolchain/bin/../lib/gcc/avr/4.6.2/avr6\libgcc.a(_clear_bss.o)
                0x00000110                __do_clear_bss
 *(.init4)
 *(.init5)
 *(.init5)
 *(.init6)
 *(.init6)
 *(.init7)
 *(.init7)
 *(.init8)
 *(.init8)
 *(.init9)
 .init9         0x00000120        0x8 c:/program files (x86)/atmel/atmel studio 6.0/extensions/atmel/avrgcc/3.4.1.95/avrtoolchain/bin/../lib/gcc/avr/4.6.2/../../../../avr/lib/avr6/crtm2560.o
 *(.init9)
 *(.text)
 .text          0x00000128        0x4 c:/program files (x86)/atmel/atmel studio 6.0/extensions/atmel/avrgcc/3.4.1.95/avrtoolchain/bin/../lib/gcc/avr/4.6.2/../../../../avr/lib/avr6/crtm2560.o
                0x00000128                __vector_38
                0x00000128                __vector_22
                0x00000128                __vector_28
                0x00000128                __vector_1
                0x00000128                __vector_34
                0x00000128                __vector_24
                0x00000128                __vector_12
                0x00000128                __vector_55
                0x00000128                __vector_46
                0x00000128                __bad_interrupt
                0x00000128                __vector_6
                0x00000128                __vector_31
                0x00000128                __vector_35
                0x00000128                __vector_39
                0x00000128                __vector_3
                0x00000128                __vector_23
                0x00000128                __vector_30
                0x00000128                __vector_45
                0x00000128                __vector_25
                0x00000128                __vector_11
                0x00000128                __vector_54
                0x00000128                __vector_17
                0x00000128                __vector_19
                0x00000128                __vector_56
                0x00000128                __vector_7
                0x00000128                __vector_49
                0x00000128                __vector_41
                0x00000128                __vector_43
                0x00000128                __vector_27
                0x00000128                __vector_5
                0x00000128                __vector_33
                0x00000128                __vector_47
                0x00000128                __vector_52
                0x00000128                __vector_37
                0x00000128                __vector_4
                0x00000128                __vector_44
                0x00000128                __vector_51
                0x00000128                __vector_9
                0x00000128                __vector_2
                0x00000128                __vector_21
                0x00000128                __vector_15
                0x00000128                __vector_36
                0x00000128                __vector_29
                0x00000128                __vector_40
                0x00000128                __vector_8
                0x00000128                __vector_26
                0x00000128                __vector_48
                0x00000128                __vector_14
                0x00000128                __vector_53
                0x00000128                __vector_10
                0x00000128                __vector_50
                0x00000128                __vector_16
                0x00000128                __vector_18
                0x00000128                __vector_20
                0x00000128                __vector_42
 .text          0x0000012c       0x22 init.o
                0x0000012c                vIO_init
                0x00000134                initialize_timer2
 .text          0x0000014e      0x44a croutine.o
                0x0000014e                xCoRoutineCreate
                0x00000254                vCoRoutineAddToDelayedList
                0x000002da                vCoRoutineSchedule
                0x0000054a                xCoRoutineRemoveFromEventList
 .text          0x00000598       0x70 heap_1.o
                0x00000598                pvPortMalloc
                0x000005ea                vPortFree
                0x000005ec                vPortInitialiseBlocks
                0x000005f6                xPortGetFreeHeapSize
 .text          0x00000608      0x134 lab4_main.o
                0x00000608                main
                0x0000065a                vTaskFunction_timerHandler
                0x000006c8                __vector_13
                0x0000073a                vApplicationTickHook
 .text          0x0000073c      0x13e list.o
                0x0000073c                vListInitialise
                0x00000758                vListInitialiseItem
                0x00000760                vListInsertEnd
                0x000007b2                vListInsert
                0x0000082c                uxListRemove
 .text          0x0000087a      0x33e port.o
                0x0000087a                pxPortInitialiseStack
                0x000009ac                xPortStartScheduler
                0x00000a28                vPortEndScheduler
                0x00000a2a                vPortYield
                0x00000aec                vPortYieldFromTick
                0x00000bb2                __vector_32
 .text          0x00000bb8      0x6be queue.o
                0x00000d4a                xQueueGenericReset
                0x00000dd6                xQueueGenericCreate
                0x00000e38                xQueueGenericSend
                0x00000f74                xQueueCreateMutex
                0x00000fce                xQueueGenericSendFromISR
                0x00001032                xQueueGenericReceive
                0x000011c6                xQueueReceiveFromISR
                0x0000122c                uxQueueMessagesWaiting
                0x0000123c                uxQueueMessagesWaitingFromISR
                0x00001242                vQueueDelete
                0x0000125c                xQueueIsQueueEmptyFromISR
                0x00001268                xQueueIsQueueFullFromISR
 .text          0x00001276      0x1be spi_sseg.o
                0x00001276                SPI_MasterInit
                0x00001294                SPI_MasterTransmit
                0x000012a4                SSEG_Set_Brightness
                0x000012b8                SSEG_Reset
                0x000012c0                SSEG_Write_4vals_array
                0x000012de                SSEG_Write_digit
                0x00001334                SSEG_Write_left_digits
                0x0000137a                SSEG_Write_right_digits
                0x000013c0                SSEG_Write_Decimal_Point
 .text          0x00001434      0xc4c tasks.o
                0x000014b2                xTaskGenericCreate
                0x000016e2                xTaskIsTaskSuspended
                0x00001710                vTaskResume
                0x00001796                xTaskResumeFromISR
                0x00001828                vTaskStartScheduler
                0x0000187e                vTaskEndScheduler
                0x0000188a                vTaskSuspendAll
                0x00001896                xTaskGetTickCount
                0x000018aa                xTaskGetTickCountFromISR
                0x000018b4                uxTaskGetNumberOfTasks
                0x000018ba                vTaskIncrementTick
                0x00001a56                xTaskResumeAll
                0x00001b76                vTaskDelay
                0x00001bb6                vTaskDelayUntil
                0x00001c4a                vTaskSwitchContext
                0x00001d04                vTaskSuspend
                0x00001da4                vTaskPlaceOnEventList
                0x00001dfc                xTaskRemoveFromEventList
                0x00001e8c                vTaskSetTimeOutState
                0x00001ea2                xTaskCheckForTimeOut
                0x00001f1e                vTaskMissedYield
                0x00001f26                uxTaskGetStackHighWaterMark
                0x00001f58                xTaskGetCurrentTaskHandle
                0x00001f62                vTaskPriorityInherit
                0x00002016                vTaskPriorityDisinherit
 .text          0x00002080        0x0 timers.o
 .text          0x00002080        0x0 c:/program files (x86)/atmel/atmel studio 6.0/extensions/atmel/avrgcc/3.4.1.95/avrtoolchain/bin/../lib/gcc/avr/4.6.2/avr6\libgcc.a(_exit.o)
 .text          0x00002080        0x0 c:/program files (x86)/atmel/atmel studio 6.0/extensions/atmel/avrgcc/3.4.1.95/avrtoolchain/bin/../lib/gcc/avr/4.6.2/avr6\libgcc.a(_copy_data.o)
 .text          0x00002080        0x0 c:/program files (x86)/atmel/atmel studio 6.0/extensions/atmel/avrgcc/3.4.1.95/avrtoolchain/bin/../lib/gcc/avr/4.6.2/avr6\libgcc.a(_clear_bss.o)
 .text          0x00002080        0x0 c:/program files (x86)/atmel/atmel studio 6.0/extensions/atmel/avrgcc/3.4.1.95/avrtoolchain/bin/../lib/gcc/avr/4.6.2/../../../../avr/lib/avr6\libc.a(memcpy.o)
 .text          0x00002080        0x0 c:/program files (x86)/atmel/atmel studio 6.0/extensions/atmel/avrgcc/3.4.1.95/avrtoolchain/bin/../lib/gcc/avr/4.6.2/../../../../avr/lib/avr6\libc.a(memset.o)
 .text          0x00002080        0x0 c:/program files (x86)/atmel/atmel studio 6.0/extensions/atmel/avrgcc/3.4.1.95/avrtoolchain/bin/../lib/gcc/avr/4.6.2/../../../../avr/lib/avr6\libc.a(strncpy.o)
                0x00002080                . = ALIGN (0x2)
 *(.text.*)
 .text.libgcc   0x00002080        0x0 c:/program files (x86)/atmel/atmel studio 6.0/extensions/atmel/avrgcc/3.4.1.95/avrtoolchain/bin/../lib/gcc/avr/4.6.2/avr6\libgcc.a(_exit.o)
 .text.libgcc   0x00002080        0x0 c:/program files (x86)/atmel/atmel studio 6.0/extensions/atmel/avrgcc/3.4.1.95/avrtoolchain/bin/../lib/gcc/avr/4.6.2/avr6\libgcc.a(_copy_data.o)
 .text.libgcc   0x00002080        0x0 c:/program files (x86)/atmel/atmel studio 6.0/extensions/atmel/avrgcc/3.4.1.95/avrtoolchain/bin/../lib/gcc/avr/4.6.2/avr6\libgcc.a(_clear_bss.o)
 .text.avr-libc
                0x00002080       0x12 c:/program files (x86)/atmel/atmel studio 6.0/extensions/atmel/avrgcc/3.4.1.95/avrtoolchain/bin/../lib/gcc/avr/4.6.2/../../../../avr/lib/avr6\libc.a(memcpy.o)
                0x00002080                memcpy
 .text.avr-libc
                0x00002092        0xe c:/program files (x86)/atmel/atmel studio 6.0/extensions/atmel/avrgcc/3.4.1.95/avrtoolchain/bin/../lib/gcc/avr/4.6.2/../../../../avr/lib/avr6\libc.a(memset.o)
                0x00002092                memset
 .text.avr-libc
                0x000020a0       0x1e c:/program files (x86)/atmel/atmel studio 6.0/extensions/atmel/avrgcc/3.4.1.95/avrtoolchain/bin/../lib/gcc/avr/4.6.2/../../../../avr/lib/avr6\libc.a(strncpy.o)
                0x000020a0                strncpy
                0x000020be                . = ALIGN (0x2)
 *(.fini9)
 .fini9         0x000020be        0x0 c:/program files (x86)/atmel/atmel studio 6.0/extensions/atmel/avrgcc/3.4.1.95/avrtoolchain/bin/../lib/gcc/avr/4.6.2/avr6\libgcc.a(_exit.o)
                0x000020be                _exit
                0x000020be                exit
 *(.fini9)
 *(.fini8)
 *(.fini8)
 *(.fini7)
 *(.fini7)
 *(.fini6)
 *(.fini6)
 *(.fini5)
 *(.fini5)
 *(.fini4)
 *(.fini4)
 *(.fini3)
 *(.fini3)
 *(.fini2)
 *(.fini2)
 *(.fini1)
 *(.fini1)
 *(.fini0)
 .fini0         0x000020be        0x4 c:/program files (x86)/atmel/atmel studio 6.0/extensions/atmel/avrgcc/3.4.1.95/avrtoolchain/bin/../lib/gcc/avr/4.6.2/avr6\libgcc.a(_exit.o)
 *(.fini0)
                0x000020c2                _etext = .

.data           0x00800200        0x8 load address 0x000020c2
                0x00800200                PROVIDE (__data_start, .)
 *(.data)
 .data          0x00800200        0x0 c:/program files (x86)/atmel/atmel studio 6.0/extensions/atmel/avrgcc/3.4.1.95/avrtoolchain/bin/../lib/gcc/avr/4.6.2/../../../../avr/lib/avr6/crtm2560.o
 .data          0x00800200        0x0 init.o
 .data          0x00800200        0x0 croutine.o
 .data          0x00800200        0x0 heap_1.o
 .data          0x00800200        0x0 lab4_main.o
 .data          0x00800200        0x0 list.o
 .data          0x00800200        0x0 port.o
 .data          0x00800200        0x0 queue.o
 .data          0x00800200        0x0 spi_sseg.o
 .data          0x00800200        0x7 tasks.o
 .data          0x00800207        0x0 timers.o
 .data          0x00800207        0x0 c:/program files (x86)/atmel/atmel studio 6.0/extensions/atmel/avrgcc/3.4.1.95/avrtoolchain/bin/../lib/gcc/avr/4.6.2/avr6\libgcc.a(_exit.o)
 .data          0x00800207        0x0 c:/program files (x86)/atmel/atmel studio 6.0/extensions/atmel/avrgcc/3.4.1.95/avrtoolchain/bin/../lib/gcc/avr/4.6.2/avr6\libgcc.a(_copy_data.o)
 .data          0x00800207        0x0 c:/program files (x86)/atmel/atmel studio 6.0/extensions/atmel/avrgcc/3.4.1.95/avrtoolchain/bin/../lib/gcc/avr/4.6.2/avr6\libgcc.a(_clear_bss.o)
 .data          0x00800207        0x0 c:/program files (x86)/atmel/atmel studio 6.0/extensions/atmel/avrgcc/3.4.1.95/avrtoolchain/bin/../lib/gcc/avr/4.6.2/../../../../avr/lib/avr6\libc.a(memcpy.o)
 .data          0x00800207        0x0 c:/program files (x86)/atmel/atmel studio 6.0/extensions/atmel/avrgcc/3.4.1.95/avrtoolchain/bin/../lib/gcc/avr/4.6.2/../../../../avr/lib/avr6\libc.a(memset.o)
 .data          0x00800207        0x0 c:/program files (x86)/atmel/atmel studio 6.0/extensions/atmel/avrgcc/3.4.1.95/avrtoolchain/bin/../lib/gcc/avr/4.6.2/../../../../avr/lib/avr6\libc.a(strncpy.o)
 *(.data*)
 *(.rodata)
 *(.rodata*)
 *(.gnu.linkonce.d*)
                0x00800208                . = ALIGN (0x2)
 *fill*         0x00800207        0x1 00
                0x00800208                _edata = .
                0x00800208                PROVIDE (__data_end, .)

.bss            0x00800208     0x189b
                0x00800208                PROVIDE (__bss_start, .)
 *(.bss)
 .bss           0x00800208        0x0 c:/program files (x86)/atmel/atmel studio 6.0/extensions/atmel/avrgcc/3.4.1.95/avrtoolchain/bin/../lib/gcc/avr/4.6.2/../../../../avr/lib/avr6/crtm2560.o
 .bss           0x00800208        0x0 init.o
 .bss           0x00800208       0x3a croutine.o
                0x00800208                pxCurrentCoRoutine
 .bss           0x00800242     0x1802 heap_1.o
 .bss           0x00801a44        0x4 lab4_main.o
 .bss           0x00801a48        0x0 list.o
 .bss           0x00801a48        0x0 port.o
 .bss           0x00801a48        0x0 queue.o
 .bss           0x00801a48        0x0 spi_sseg.o
 .bss           0x00801a48       0x59 tasks.o
                0x00801a48                pxCurrentTCB
 .bss           0x00801aa1        0x0 timers.o
 .bss           0x00801aa1        0x0 c:/program files (x86)/atmel/atmel studio 6.0/extensions/atmel/avrgcc/3.4.1.95/avrtoolchain/bin/../lib/gcc/avr/4.6.2/avr6\libgcc.a(_exit.o)
 .bss           0x00801aa1        0x0 c:/program files (x86)/atmel/atmel studio 6.0/extensions/atmel/avrgcc/3.4.1.95/avrtoolchain/bin/../lib/gcc/avr/4.6.2/avr6\libgcc.a(_copy_data.o)
 .bss           0x00801aa1        0x0 c:/program files (x86)/atmel/atmel studio 6.0/extensions/atmel/avrgcc/3.4.1.95/avrtoolchain/bin/../lib/gcc/avr/4.6.2/avr6\libgcc.a(_clear_bss.o)
 .bss           0x00801aa1        0x0 c:/program files (x86)/atmel/atmel studio 6.0/extensions/atmel/avrgcc/3.4.1.95/avrtoolchain/bin/../lib/gcc/avr/4.6.2/../../../../avr/lib/avr6\libc.a(memcpy.o)
 .bss           0x00801aa1        0x0 c:/program files (x86)/atmel/atmel studio 6.0/extensions/atmel/avrgcc/3.4.1.95/avrtoolchain/bin/../lib/gcc/avr/4.6.2/../../../../avr/lib/avr6\libc.a(memset.o)
 .bss           0x00801aa1        0x0 c:/program files (x86)/atmel/atmel studio 6.0/extensions/atmel/avrgcc/3.4.1.95/avrtoolchain/bin/../lib/gcc/avr/4.6.2/../../../../avr/lib/avr6\libc.a(strncpy.o)
 *(.bss*)
 *(COMMON)
 COMMON         0x00801aa1        0x2 lab4_main.o
                0x00801aa1                xBinarySemaphore_timer
                0x00801aa3                PROVIDE (__bss_end, .)
                0x000020c2                __data_load_start = LOADADDR (.data)
                0x000020ca                __data_load_end = (__data_load_start + SIZEOF (.data))

.noinit         0x00801aa3        0x0
                0x00801aa3                PROVIDE (__noinit_start, .)
 *(.noinit*)
                0x00801aa3                PROVIDE (__noinit_end, .)
                0x00801aa3                _end = .
                0x00801aa3                PROVIDE (__heap_start, .)

.eeprom         0x00810000        0x0
 *(.eeprom*)
                0x00810000                __eeprom_end = .

.fuse
 *(.fuse)
 *(.lfuse)
 *(.hfuse)
 *(.efuse)

.lock
 *(.lock*)

.signature
 *(.signature*)

.stab           0x00000000      0x8a0
 *(.stab)
 .stab          0x00000000      0x6e4 c:/program files (x86)/atmel/atmel studio 6.0/extensions/atmel/avrgcc/3.4.1.95/avrtoolchain/bin/../lib/gcc/avr/4.6.2/../../../../avr/lib/avr6/crtm2560.o
 .stab          0x000006e4       0x84 c:/program files (x86)/atmel/atmel studio 6.0/extensions/atmel/avrgcc/3.4.1.95/avrtoolchain/bin/../lib/gcc/avr/4.6.2/../../../../avr/lib/avr6\libc.a(memcpy.o)
                                 0x90 (size before relaxing)
 .stab          0x00000768       0x6c c:/program files (x86)/atmel/atmel studio 6.0/extensions/atmel/avrgcc/3.4.1.95/avrtoolchain/bin/../lib/gcc/avr/4.6.2/../../../../avr/lib/avr6\libc.a(memset.o)
                                 0x78 (size before relaxing)
 .stab          0x000007d4       0xcc c:/program files (x86)/atmel/atmel studio 6.0/extensions/atmel/avrgcc/3.4.1.95/avrtoolchain/bin/../lib/gcc/avr/4.6.2/../../../../avr/lib/avr6\libc.a(strncpy.o)
                                 0xd8 (size before relaxing)

.stabstr        0x00000000      0x1ac
 *(.stabstr)
 .stabstr       0x00000000      0x1ac c:/program files (x86)/atmel/atmel studio 6.0/extensions/atmel/avrgcc/3.4.1.95/avrtoolchain/bin/../lib/gcc/avr/4.6.2/../../../../avr/lib/avr6/crtm2560.o

.stab.excl
 *(.stab.excl)

.stab.exclstr
 *(.stab.exclstr)

.stab.index
 *(.stab.index)

.stab.indexstr
 *(.stab.indexstr)

.comment
 *(.comment)

.debug
 *(.debug)

.line
 *(.line)

.debug_srcinfo
 *(.debug_srcinfo)

.debug_sfnames
 *(.debug_sfnames)

.debug_aranges  0x00000000      0x180
 *(.debug_aranges)
 .debug_aranges
                0x00000000       0x20 init.o
 .debug_aranges
                0x00000020       0x20 croutine.o
 .debug_aranges
                0x00000040       0x20 heap_1.o
 .debug_aranges
                0x00000060       0x20 lab4_main.o
 .debug_aranges
                0x00000080       0x20 list.o
 .debug_aranges
                0x000000a0       0x20 port.o
 .debug_aranges
                0x000000c0       0x20 queue.o
 .debug_aranges
                0x000000e0       0x20 spi_sseg.o
 .debug_aranges
                0x00000100       0x20 tasks.o
 .debug_aranges
                0x00000120       0x20 c:/program files (x86)/atmel/atmel studio 6.0/extensions/atmel/avrgcc/3.4.1.95/avrtoolchain/bin/../lib/gcc/avr/4.6.2/avr6\libgcc.a(_exit.o)
 .debug_aranges
                0x00000140       0x20 c:/program files (x86)/atmel/atmel studio 6.0/extensions/atmel/avrgcc/3.4.1.95/avrtoolchain/bin/../lib/gcc/avr/4.6.2/avr6\libgcc.a(_copy_data.o)
 .debug_aranges
                0x00000160       0x20 c:/program files (x86)/atmel/atmel studio 6.0/extensions/atmel/avrgcc/3.4.1.95/avrtoolchain/bin/../lib/gcc/avr/4.6.2/avr6\libgcc.a(_clear_bss.o)

.debug_pubnames
 *(.debug_pubnames)

.debug_info     0x00000000     0x2851
 *(.debug_info)
 .debug_info    0x00000000       0x93 init.o
 .debug_info    0x00000093      0x51e croutine.o
 .debug_info    0x000005b1      0x16a heap_1.o
 .debug_info    0x0000071b      0x22f lab4_main.o
 .debug_info    0x0000094a      0x2ab list.o
 .debug_info    0x00000bf5      0x1ee port.o
 .debug_info    0x00000de3      0x811 queue.o
 .debug_info    0x000015f4      0x20e spi_sseg.o
 .debug_info    0x00001802      0xd4c tasks.o
 .debug_info    0x0000254e       0x6c timers.o
 .debug_info    0x000025ba       0xdd c:/program files (x86)/atmel/atmel studio 6.0/extensions/atmel/avrgcc/3.4.1.95/avrtoolchain/bin/../lib/gcc/avr/4.6.2/avr6\libgcc.a(_exit.o)
 .debug_info    0x00002697       0xdd c:/program files (x86)/atmel/atmel studio 6.0/extensions/atmel/avrgcc/3.4.1.95/avrtoolchain/bin/../lib/gcc/avr/4.6.2/avr6\libgcc.a(_copy_data.o)
 .debug_info    0x00002774       0xdd c:/program files (x86)/atmel/atmel studio 6.0/extensions/atmel/avrgcc/3.4.1.95/avrtoolchain/bin/../lib/gcc/avr/4.6.2/avr6\libgcc.a(_clear_bss.o)
 *(.gnu.linkonce.wi.*)

.debug_abbrev   0x00000000      0xba9
 *(.debug_abbrev)
 .debug_abbrev  0x00000000       0x4c init.o
 .debug_abbrev  0x0000004c      0x1dc croutine.o
 .debug_abbrev  0x00000228      0x10b heap_1.o
 .debug_abbrev  0x00000333      0x146 lab4_main.o
 .debug_abbrev  0x00000479       0xed list.o
 .debug_abbrev  0x00000566       0xfa port.o
 .debug_abbrev  0x00000660      0x180 queue.o
 .debug_abbrev  0x000007e0       0xe3 spi_sseg.o
 .debug_abbrev  0x000008c3      0x280 tasks.o
 .debug_abbrev  0x00000b43       0x2a timers.o
 .debug_abbrev  0x00000b6d       0x14 c:/program files (x86)/atmel/atmel studio 6.0/extensions/atmel/avrgcc/3.4.1.95/avrtoolchain/bin/../lib/gcc/avr/4.6.2/avr6\libgcc.a(_exit.o)
 .debug_abbrev  0x00000b81       0x14 c:/program files (x86)/atmel/atmel studio 6.0/extensions/atmel/avrgcc/3.4.1.95/avrtoolchain/bin/../lib/gcc/avr/4.6.2/avr6\libgcc.a(_copy_data.o)
 .debug_abbrev  0x00000b95       0x14 c:/program files (x86)/atmel/atmel studio 6.0/extensions/atmel/avrgcc/3.4.1.95/avrtoolchain/bin/../lib/gcc/avr/4.6.2/avr6\libgcc.a(_clear_bss.o)

.debug_line     0x00000000     0x114a
 *(.debug_line)
 .debug_line    0x00000000       0xdc init.o
 .debug_line    0x000000dc      0x129 croutine.o
 .debug_line    0x00000205       0xe2 heap_1.o
 .debug_line    0x000002e7      0x212 lab4_main.o
 .debug_line    0x000004f9       0xb7 list.o
 .debug_line    0x000005b0      0x186 port.o
 .debug_line    0x00000736      0x277 queue.o
 .debug_line    0x000009ad      0x151 spi_sseg.o
 .debug_line    0x00000afe      0x486 tasks.o
 .debug_line    0x00000f84       0x1a timers.o
 .debug_line    0x00000f9e       0x88 c:/program files (x86)/atmel/atmel studio 6.0/extensions/atmel/avrgcc/3.4.1.95/avrtoolchain/bin/../lib/gcc/avr/4.6.2/avr6\libgcc.a(_exit.o)
 .debug_line    0x00001026       0x96 c:/program files (x86)/atmel/atmel studio 6.0/extensions/atmel/avrgcc/3.4.1.95/avrtoolchain/bin/../lib/gcc/avr/4.6.2/avr6\libgcc.a(_copy_data.o)
 .debug_line    0x000010bc       0x8e c:/program files (x86)/atmel/atmel studio 6.0/extensions/atmel/avrgcc/3.4.1.95/avrtoolchain/bin/../lib/gcc/avr/4.6.2/avr6\libgcc.a(_clear_bss.o)

.debug_frame    0x00000000      0x93c
 *(.debug_frame)
 .debug_frame   0x00000000       0x34 init.o
 .debug_frame   0x00000034       0xd8 croutine.o
 .debug_frame   0x0000010c       0x68 heap_1.o
 .debug_frame   0x00000174       0xac lab4_main.o
 .debug_frame   0x00000220       0x7c list.o
 .debug_frame   0x0000029c       0x74 port.o
 .debug_frame   0x00000310      0x210 queue.o
 .debug_frame   0x00000520       0xdc spi_sseg.o
 .debug_frame   0x000005fc      0x340 tasks.o

.debug_str      0x00000000     0x10f0
 *(.debug_str)
 .debug_str     0x00000000       0xd3 init.o
                                0x107 (size before relaxing)
 .debug_str     0x000000d3      0x353 croutine.o
                                0x43e (size before relaxing)
 .debug_str     0x00000426       0x9a heap_1.o
                                0x18a (size before relaxing)
 .debug_str     0x000004c0      0x11c lab4_main.o
                                0x23a (size before relaxing)
 .debug_str     0x000005dc       0xa0 list.o
                                0x21b (size before relaxing)
 .debug_str     0x0000067c       0xe4 port.o
                                0x1f2 (size before relaxing)
 .debug_str     0x00000760      0x311 queue.o
                                0x4db (size before relaxing)
 .debug_str     0x00000a71       0xe9 spi_sseg.o
                                0x1cf (size before relaxing)
 .debug_str     0x00000b5a      0x588 tasks.o
                                0x81b (size before relaxing)
 .debug_str     0x000010e2        0xe timers.o
                                 0xfe (size before relaxing)

.debug_loc      0x00000000     0x26e1
 *(.debug_loc)
 .debug_loc     0x00000000      0x3e0 croutine.o
 .debug_loc     0x000003e0       0xb1 heap_1.o
 .debug_loc     0x00000491      0x1c2 lab4_main.o
 .debug_loc     0x00000653      0x17e list.o
 .debug_loc     0x000007d1      0x2b4 port.o
 .debug_loc     0x00000a85      0xa24 queue.o
 .debug_loc     0x000014a9      0x2dd spi_sseg.o
 .debug_loc     0x00001786      0xf5b tasks.o

.debug_macinfo
 *(.debug_macinfo)
OUTPUT(Lab 4.elf elf32-avr)
LOAD linker stubs

.debug_ranges   0x00000000       0xa8
 .debug_ranges  0x00000000       0x18 croutine.o
 .debug_ranges  0x00000018       0x90 tasks.o
